// Jest Snapshot v1, https://goo.gl/fbAQLP

exports[`GifGrid text vs sanpshot 1`] = `
<div>
  <h3>
    One Punch
  </h3>
  <h2>
    Loading...
  </h2>
  <div
    class="card-grid"
  />
</div>
`;
