// Jest Snapshot v1, https://goo.gl/fbAQLP

exports[`Test GitItem Snapshot vs Component 1`] = `
<div>
  <div
    class="card"
  >
    <img
      alt="Saitama"
      src="https://saitama.com/"
    />
    <p>
      Saitama
    </p>
  </div>
</div>
`;
